---
source: rote/tests/wording.rs
expression: body
---
INTERVALS

  The ladder is 1, 1, 2, 4, 7, 14, 30 days by default, held at the last of them.
  Set your own with the ladder key in the config.

  Three lines reconcile a drill with the schedule:

    a cold pass on a day the engram is due    up a rung, anchored to that day
    a cold pass on any other day              nothing moves
    a fail on any day                         back to the foot, anchored

  A drill on a day the engram is due is a review; a drill on any other day is a
  practice. Which it was is read off the engram's standing on the day, at
  replay, and never declared.

  The rung, what the ladder asked for, how late a review came, and the gap
  since the secret was last in front of a person are all computed at replay
  from the ladder and the drills before, and none of them is written. A change
  to the ladder therefore re-derives the whole history, and two machines that
  wrote without having seen each other cannot each claim a full interval for
  one real gap.

  The streak in rote stats counts cold passes at the cap interval or longer,
  back from the most recent drill. A pass at a shorter gap is not evidence
  either way and is stepped over; a fail ends the run, recovered or not. It is
  reported and never judged.
