---
source: rote/tests/wording.rs
assertion_line: 100
expression: "render(&rows, 0, None, false)"
---
╭─ attach ──────────────────────────────────────────────────── Sun 13 Sep ─╮
│                                                                          │
│   ▸ escrow-p  attach · dormant here                                      │
│                                                                          │
│   escrow-p@2 · enrolled 2026-09-14 · rung 5 · reviewed 3d ago            │
│   type it as you know it — nothing here can check it                     │
│   ╭──────────────────────────────────────────────────────────────────╮   │
│   │                                                                  │   │
│   ╰──────────────────────────────────────────────────────────────────╯   │
│                                                                          │
│                                                                          │
│                                                                          │
╰──────────────────────────────────────────────────────────────────────────╯
