---
source: rote/tests/wording.rs
expression: body
---
RECORDS

  One JSON object per line, appended and never rewritten, one file per machine.
  Every record carries the schema, the instant, the drill day, the hostname the
  machine wore, the digest of the line before it, and one event. The file a
  line sits in names the machine; its index in that file is its position.

  Five kinds of event: enroll, rotate, attach, retire, drill.

  A drill is one engram asked for from memory once. It records the engram, the
  outcome of the cold capture, the time to its first keystroke, how many
  follow-ups were typed after a fail, whether one of them passed, and whether
  the drill was aided.

  Two outcomes: pass and fail. Submitting nothing is a fail. What a follow-up
  did is recorded beside the outcome and changes it in no figure.

  The occasion, the rung and every interval are derived at replay from the
  ladder and the drills before, and never written: a drill on a day the engram
  was due is a review, and any other is a practice.

  Nothing derived from the secret is recorded: not its length, not a prefix, not
  a character class. The digest chain is tamper evidence and corruption
  detection rather than a control. It catches edits and deletions inside a
  chain. It does not catch a chain being truncated at the end or deleted
  outright.
