---
source: rote/tests/wording.rs
expression: "closing(&rows, drills, Vec::new(), &[])"
---
╭─ done ────────────────────────────────────────────────────── Sun 13 Sep ─╮
│                                                                          │
│     warmup-p  aided                       ✓                              │
│                                                                          │
│   recorded  failed · recovered · aided                                   │
│                                                                          │
│                                                                          │
│                                                                          │
│                                                                          │
│                                                                          │
│   press any key                                                          │
│                                                                          │
╰──────────────────────────────────────────────────────────────────────────╯
