---
source: rote/tests/wording.rs
expression: body
---
CUSTODY

  The secret is kept as an argon2id verifier over a random salt, in no
  recoverable form. rote can say wrong. It can never say what the right answer
  was: a verifier answers yes or no and holds nothing to read back.

  The stance is good faith throughout. rote guards against accident and
  confusion and not against you: it records what it was told and what it saw,
  and it verifies only what it can. You could make the record say anything you
  liked. You are trusted not to, and at worst to do it by mistake.

  A cold prompt gives back nothing about what was typed. The cold drill try is
  the one prompt that measures a memory, and everything else follows from that
  one line: it refuses a paste, it stays blind, it offers no reveal and it moves
  no caret. A count of characters is partial recognition feedback handed back in
  the middle of a retrieval, and showing the answer before it is submitted is
  the whole of one. Neither may reach the prompt that is measuring. Submitting
  nothing concedes: that is a failure of recall and is recorded as one, which is
  more honest than typing something to get past the prompt. After a miss the
  lookup is offered, and an entry taken that way is aided: recorded in full,
  kept out of every figure that claims to measure a memory. The first week is
  aided almost throughout, and that is the shape of a first week rather than a
  run of failures.

  Every other prompt masks what is typed, one glyph a character, and ctrl-r
  shows the characters themselves until you press it again. NIST SP 800-63B-4
  asks verifiers to offer exactly that, and for the reason these prompts exist:
  a secret typed blind into an enrollment is a verifier for something nobody
  knows, and nothing later can tell you so. A mask leaks a length, which the
  login screen on this machine leaks too. Word boundaries it does not, and
  never will: seven word lengths is most of a diceware phrase's search space,
  which is also why the word-wise keys work only once the characters are
  already showing. A jump that travels the width of a word discloses the width
  of a word.

  A reveal is never on by itself and never survives the prompt that opened it,
  and it goes back on its own when the window loses focus or thirty seconds
  pass with nothing typed. What it cannot do is decide who else is looking at
  the screen, or whether the session is being recorded. That part is yours.

  A cold try is the one prompt that refuses a paste. The aided entry after
  ctrl-l accepts one, so does an attachment, and so does every prompt in enroll,
  attach and rotate. The line is measurement and not scripting: an answer pasted
  into a cold try is a re-study rather than a retrieval, and retrieval is what
  strengthens a memory (Roediger and Karpicke 2006). So a paste there would
  weaken the very memory it claimed to test and write a pass that stands for
  none, after which the item most in need of drilling is the one the schedule
  asks for least.

  That refusal is a commitment device against your own hurry, and it is nothing
  more. Bracketed paste is advisory: the terminal is asked to mark a paste and
  there is no way to learn whether it agreed, so wherever it does not, a paste
  arrives as typing and is taken. Nor does refusing one prevent a lookup — it
  moves it to a vault typing into the window, which rote cannot see at all.
  Pastes accepted and pastes refused are recorded as exactly that, and neither
  is a count of lookups.

  An aided entry earns its keep twice. Typing what the vault shows and being
  told wrong is the one routine signal that the vault item and the verifier hold
  different secrets, which is otherwise undetectable.

  Three verbs take a secret, and the difference between them is the whole point.

  enroll opens a lineage with its first engram.

  rotate proves the current secret, supersedes its engram, and starts a new one
  at the foot. A different secret, a different memory.

  attach makes a verifier on this machine for the engram that is already
  current, and leaves its record untouched. The same secret, a machine that lost
  its copy — which is what a restored flagship looks like, since a verifier is
  never backed up.

  rote cannot tell an attach from a rotate by looking at what was typed. It
  holds nothing to check a claim against, so an attach has no failure mode for
  the wrong secret: it records which claim was made and verifies neither. That
  is a better trade than the alternative, where losing a laptop costs the whole
  record of a memory you still hold. Before it asks, it names what it is about
  to continue, so attaching the wrong lineage has a moment to be noticed.

  The lineage name matches the 1Password item title by convention and not by
  integration. Nothing is stored, nothing goes out of sync, no vault reference
  is added, and the drill does not fail in exactly the world escrow exists for.
